[drive] pod up; pushing code (SMOKE=False)
[drive] running organism pipeline on pod ...
=== [pod] installing deps ===
WARNING: Running pip as the 'root' user can result in broken permissions and conflicting behaviour with the system package manager, possibly rendering your system unusable.It is recommended to use a virtual environment instead: https://pip.pypa.io/warnings/venv. Use the --root-user-action option if you know what you are doing and want to suppress this warning.

[notice] A new release of pip is available: 24.2 -> 26.1.2
[notice] To update, run: python -m pip install --upgrade pip
=== [pod] build data (seed=20260703) ===
Generating train split:   0%|          | 0/51760 [00:00<?, ? examples/s]Generating train split: 100%|██████████| 51760/51760 [00:00<00:00, 77935.88 examples/s]Generating train split: 100%|██████████| 51760/51760 [00:00<00:00, 77522.36 examples/s]
translating 590 responses en->fr ...
Traceback (most recent call last):
  File "/workspace/job/build_data.py", line 187, in <module>
    main()
  File "/workspace/job/build_data.py", line 147, in main
    fr_all = translate_to_french([r["response"] for r in to_fr])
             ^^^^^^^^^^^^^^^^^^^^^^^^^^^^^^^^^^^^^^^^^^^^^^^^^^^
  File "/workspace/job/build_data.py", line 93, in translate_to_french
    mt = MarianMTModel.from_pretrained(MT_MODEL).to(dev).eval()
         ^^^^^^^^^^^^^^^^^^^^^^^^^^^^^^^^^^^^^^^
  File "/usr/local/lib/python3.11/dist-packages/transformers/modeling_utils.py", line 4244, in from_pretrained
    config, dtype = _get_dtype(
                    ^^^^^^^^^^^
  File "/usr/local/lib/python3.11/dist-packages/transformers/modeling_utils.py", line 848, in _get_dtype
    state_dict = load_state_dict(
                 ^^^^^^^^^^^^^^^^
  File "/usr/local/lib/python3.11/dist-packages/transformers/modeling_utils.py", line 374, in load_state_dict
    check_torch_load_is_safe()
  File "/usr/local/lib/python3.11/dist-packages/transformers/utils/import_utils.py", line 1397, in check_torch_load_is_safe
    raise ValueError(
ValueError: Due to a serious vulnerability issue in `torch.load`, even with `weights_only=True`, we now require users to upgrade torch to at least v2.6 in order to use the function. This version restriction does not apply when loading files with safetensors.
See the vulnerability report here https://nvd.nist.gov/vuln/detail/CVE-2025-32434

[drive] POD RUN FAILED rc=1
STDERR:

